// Jest Snapshot v1, https://goo.gl/fbAQLP

exports[`treeToSVG wraps whatever text you pass into it with an SVG schema 1`] = `
"<?xml version=\\"1.0\\" encoding=\\"UTF-8\\" ?>
<svg width=\\"1024\\" height=\\"768\\" xmlns=\\"http://www.w3.org/2000/svg\\" version=\\"1.1\\">
  <rect x=\\"20\\" y=\\"20\\" width=\\"600\\" height=\\"400\\" fill-opacity=\\"0.1\\" stroke-width=\\"1\\" stroke=\\"black\\"/>
</svg>
"
`;
